../Core/Src/main.c:93:5:main	80	static
../Core/Src/main.c:184:6:SystemClock_Config	88	static
../Core/Src/main.c:237:13:MX_SPI1_Init	8	static
../Core/Src/main.c:275:13:MX_TIM1_Init	96	static
../Core/Src/main.c:362:13:MX_USART3_UART_Init	8	static
../Core/Src/main.c:395:13:MX_GPIO_Init	48	static
../Core/Src/main.c:435:6:Run_Task_Read_Encoder	16	static
../Core/Src/main.c:455:6:Run_Task_PWM	16	static
../Core/Src/main.c:477:6:HAL_TIM_PeriodElapsedCallback	16	static
../Core/Src/main.c:499:6:Error_Handler	4	static,ignoring_inline_asm
